// Jest Snapshot v1, https://goo.gl/fbAQLP

exports[`MovieScreen snaptests Snapshot MovieScreen test 1`] = `
<div
  className="fullscreen"
>
  <div
    className="player"
  >
    <video
      className="player__video"
      crossOrigin="anonymous"
    />
    <a
      className="player__exit"
      href="/films/undefined"
      onClick={[Function]}
      type="button"
    >
      Exit
    </a>
    <div
      className="player__controls"
    >
      <div
        className="player__controls-row"
      >
        <div
          className="player__time"
        >
          <progress
            className="player__progress"
            max="100"
            value={44}
          />
          <div
            className="player__toggler"
            style={
              Object {
                "left": "44%",
              }
            }
          >
            Toggler
          </div>
        </div>
        <div
          className="player__time-value"
        >
          0 : 44
        </div>
      </div>
      <div
        className="player__controls-row"
      >
        <button
          className="player__play"
          onClick={[Function]}
          type="button"
        >
          <svg
            height="21"
            viewBox="0 0 14 21"
            width="14"
          >
            <use
              xlinkHref="#pause"
            />
          </svg>
          <span>
            Pause
          </span>
        </button>
        <div
          className="player__name"
        >
          Transpotting
        </div>
        <button
          className="player__full-screen"
          onClick={[Function]}
          type="button"
        >
          <svg
            height="27"
            viewBox="0 0 27 27"
            width="27"
          >
            <use
              xlinkHref="#full-screen"
            />
          </svg>
          <span>
            Full screen
          </span>
        </button>
      </div>
    </div>
  </div>
</div>
`;

exports[`MovieScreen snaptests Snapshot MovieScreen test fullscreen mode 1`] = `
<div
  className="fullscreen"
>
  <div
    className="player"
  >
    <video
      className="player__video"
      crossOrigin="anonymous"
    />
    <a
      className="player__exit"
      href="/films/undefined"
      onClick={[Function]}
      type="button"
    >
      Exit
    </a>
    <div
      className="player__controls"
    >
      <div
        className="player__controls-row"
      >
        <div
          className="player__time"
        >
          <progress
            className="player__progress"
            max="100"
            value={44}
          />
          <div
            className="player__toggler"
            style={
              Object {
                "left": "44%",
              }
            }
          >
            Toggler
          </div>
        </div>
        <div
          className="player__time-value"
        >
          0 : 44
        </div>
      </div>
      <div
        className="player__controls-row"
      >
        <button
          className="player__play"
          onClick={[Function]}
          type="button"
        >
          <svg
            height="21"
            viewBox="0 0 14 21"
            width="14"
          >
            <use
              xlinkHref="#pause"
            />
          </svg>
          <span>
            Pause
          </span>
        </button>
        <div
          className="player__name"
        >
          Transpotting
        </div>
        <button
          className="player__full-screen"
          onClick={[Function]}
          type="button"
        >
          <svg
            height="27"
            viewBox="0 0 27 27"
            width="27"
          >
            <use
              xlinkHref="#full-screen"
            />
          </svg>
          <span>
            Full screen
          </span>
        </button>
      </div>
    </div>
  </div>
</div>
`;
