// Jest Snapshot v1, https://goo.gl/fbAQLP

exports[`Videoplayer snaptest 1`] = `
<video
  className="player__video"
/>
`;
