// Jest Snapshot v1, https://goo.gl/fbAQLP

exports[`Testing FilmsList component Snapshot test 1`] = `
Array [
  <div
    className="catalog__movies-list"
  >
    <article
      className="small-movie-card catalog__movies-card"
      onMouseOut={[Function]}
      onMouseOver={[Function]}
    >
      <div
        className="small-movie-card__image"
      >
        <img
          alt="title"
          height="175"
          src="src"
          width="280"
        />
      </div>
      <h3
        className="small-movie-card__title"
      >
        <a
          className="small-movie-card__link"
          href="/films/0"
          onClick={[Function]}
        >
          title
        </a>
      </h3>
    </article>
    <article
      className="small-movie-card catalog__movies-card"
      onMouseOut={[Function]}
      onMouseOver={[Function]}
    >
      <div
        className="small-movie-card__image"
      >
        <img
          alt="title"
          height="175"
          src="src"
          width="280"
        />
      </div>
      <h3
        className="small-movie-card__title"
      >
        <a
          className="small-movie-card__link"
          href="/films/0"
          onClick={[Function]}
        >
          title
        </a>
      </h3>
    </article>
    <article
      className="small-movie-card catalog__movies-card"
      onMouseOut={[Function]}
      onMouseOver={[Function]}
    >
      <div
        className="small-movie-card__image"
      >
        <img
          alt="title"
          height="175"
          src="src"
          width="280"
        />
      </div>
      <h3
        className="small-movie-card__title"
      >
        <a
          className="small-movie-card__link"
          href="/films/0"
          onClick={[Function]}
        >
          title
        </a>
      </h3>
    </article>
    <article
      className="small-movie-card catalog__movies-card"
      onMouseOut={[Function]}
      onMouseOver={[Function]}
    >
      <div
        className="small-movie-card__image"
      >
        <img
          alt="title"
          height="175"
          src="src"
          width="280"
        />
      </div>
      <h3
        className="small-movie-card__title"
      >
        <a
          className="small-movie-card__link"
          href="/films/0"
          onClick={[Function]}
        >
          title
        </a>
      </h3>
    </article>
    <article
      className="small-movie-card catalog__movies-card"
      onMouseOut={[Function]}
      onMouseOver={[Function]}
    >
      <div
        className="small-movie-card__image"
      >
        <img
          alt="title"
          height="175"
          src="src"
          width="280"
        />
      </div>
      <h3
        className="small-movie-card__title"
      >
        <a
          className="small-movie-card__link"
          href="/films/0"
          onClick={[Function]}
        >
          title
        </a>
      </h3>
    </article>
    <article
      className="small-movie-card catalog__movies-card"
      onMouseOut={[Function]}
      onMouseOver={[Function]}
    >
      <div
        className="small-movie-card__image"
      >
        <img
          alt="title"
          height="175"
          src="src"
          width="280"
        />
      </div>
      <h3
        className="small-movie-card__title"
      >
        <a
          className="small-movie-card__link"
          href="/films/0"
          onClick={[Function]}
        >
          title
        </a>
      </h3>
    </article>
    <article
      className="small-movie-card catalog__movies-card"
      onMouseOut={[Function]}
      onMouseOver={[Function]}
    >
      <div
        className="small-movie-card__image"
      >
        <img
          alt="title"
          height="175"
          src="src"
          width="280"
        />
      </div>
      <h3
        className="small-movie-card__title"
      >
        <a
          className="small-movie-card__link"
          href="/films/0"
          onClick={[Function]}
        >
          title
        </a>
      </h3>
    </article>
    <article
      className="small-movie-card catalog__movies-card"
      onMouseOut={[Function]}
      onMouseOver={[Function]}
    >
      <div
        className="small-movie-card__image"
      >
        <img
          alt="title"
          height="175"
          src="src"
          width="280"
        />
      </div>
      <h3
        className="small-movie-card__title"
      >
        <a
          className="small-movie-card__link"
          href="/films/0"
          onClick={[Function]}
        >
          title
        </a>
      </h3>
    </article>
  </div>,
  <div
    className="catalog__more"
  >
    <button
      className="catalog__button"
      onClick={[Function]}
      type="button"
    >
      Show more
    </button>
  </div>,
]
`;
