// Jest Snapshot v1, https://goo.gl/fbAQLP

exports[`Testing MovieCard component Snapshot test 1`] = `
<article
  className="small-movie-card catalog__movies-card"
  onMouseOut={[Function]}
  onMouseOver={[MockFunction]}
>
  <div
    className="small-movie-card__image"
  >
    <video
      className="player__video"
    />
  </div>
  <h3
    className="small-movie-card__title"
  >
    <a
      className="small-movie-card__link"
      href="movie-page.html"
      onClick={[Function]}
    >
      title
    </a>
  </h3>
</article>
`;
